     1	Do not worry, spiders,
     2	I keep house
     3	casually.
